Initializing mutant RNA sequences...		DONE
Running OREGA calculations:
	ITERATION 1
Sequence 1:	 Score = 1.1749 	Mean Basepair Probability = 0.4918	Complexity = 0.667 	 Basepair fraction: 0.55 	 Optimized Segment : CUUgGCgUGUGAGAGGUACC
Sequence 2:	 Score = 1.1738 	Mean Basepair Probability = 0.4929	Complexity = 0.667 	 Basepair fraction: 0.55 	 Optimized Segment : CUUgGCgUGUGAGAGGUACC
Sequence 3:	 Score = 1.1741 	Mean Basepair Probability = 0.4926	Complexity = 0.667 	 Basepair fraction: 0.55 	 Optimized Segment : CUUgGCgUGUGAGAGGUACC
Sequence 4:	 Score = 1.1738 	Mean Basepair Probability = 0.4929	Complexity = 0.667 	 Basepair fraction: 0.55 	 Optimized Segment : CUUgGCgUGUGAGAGGUACC
	ITERATION 2
Sequence 1:	 Score = 1.1698 	Mean Basepair Probability = 0.4969	Complexity = 0.667 	 Basepair fraction: 0.55 	 Optimized Segment : CUUgGCgUGUGAGAGGUACC
Sequence 2:	 Score = 1.0255 	Mean Basepair Probability = 0.6411	Complexity = 0.667 	 Basepair fraction: 0.65 	 Optimized Segment : CUUgGCgUGUGAGAGGUACC
Sequence 3:	 Score = 1.0146 	Mean Basepair Probability = 0.6520	Complexity = 0.667 	 Basepair fraction: 0.75 	 Optimized Segment : CUUgGCgUGUGAGAGGUACC
Sequence 4:	 Score = 1.1749 	Mean Basepair Probability = 0.4918	Complexity = 0.667 	 Basepair fraction: 0.55 	 Optimized Segment : CUUgGCgUGUGAGAGGUACC
	ITERATION 3
Sequence 1:	 Score = 1.1741 	Mean Basepair Probability = 0.4926	Complexity = 0.667 	 Basepair fraction: 0.55 	 Optimized Segment : CUUgGCgUGUGAGAGGUACC
Sequence 2:	 Score = 1.1738 	Mean Basepair Probability = 0.4929	Complexity = 0.667 	 Basepair fraction: 0.55 	 Optimized Segment : CUUgGCgUGUGAGAGGUACC
Sequence 3:	 Score = 1.1749 	Mean Basepair Probability = 0.4918	Complexity = 0.667 	 Basepair fraction: 0.55 	 Optimized Segment : CUUgGCgUGUGAGAGGUACC
Sequence 4:	 Score = 1.1749 	Mean Basepair Probability = 0.4918	Complexity = 0.667 	 Basepair fraction: 0.55 	 Optimized Segment : CUUgGCgUGUGAGAGGUACC
	ITERATION 4
Sequence 1:	 Score = 1.1749 	Mean Basepair Probability = 0.4918	Complexity = 0.667 	 Basepair fraction: 0.55 	 Optimized Segment : CUUgGCgUGUGAGAGGUACC
Sequence 2:	 Score = 1.1749 	Mean Basepair Probability = 0.4918	Complexity = 0.667 	 Basepair fraction: 0.55 	 Optimized Segment : CUUgGCgUGUGAGAGGUACC
Sequence 3:	 Score = 1.1748 	Mean Basepair Probability = 0.4918	Complexity = 0.667 	 Basepair fraction: 0.55 	 Optimized Segment : CUUgGCgUGUGAGAGGUACC
Sequence 4:	 Score = 1.0564 	Mean Basepair Probability = 0.6103	Complexity = 0.667 	 Basepair fraction: 0.65 	 Optimized Segment : CUUgGCgUGUGAGAGGUACC
	ITERATION 5
Sequence 1:	 Score = 1.1749 	Mean Basepair Probability = 0.4918	Complexity = 0.667 	 Basepair fraction: 0.55 	 Optimized Segment : CUUgGCgUGUGAGAGGUACC
Sequence 2:	 Score = 1.1749 	Mean Basepair Probability = 0.4918	Complexity = 0.667 	 Basepair fraction: 0.55 	 Optimized Segment : CUUgGCgUGUGAGAGGUACC
Sequence 3:	 Score = 1.1749 	Mean Basepair Probability = 0.4918	Complexity = 0.667 	 Basepair fraction: 0.55 	 Optimized Segment : CUUgGCgUGUGAGAGGUACC
Sequence 4:	 Score = 1.1749 	Mean Basepair Probability = 0.4918	Complexity = 0.667 	 Basepair fraction: 0.55 	 Optimized Segment : CUUgGCgUGUGAGAGGUACC
	ITERATION 6
Sequence 1:	 Score = 1.1749 	Mean Basepair Probability = 0.4918	Complexity = 0.667 	 Basepair fraction: 0.55 	 Optimized Segment : CUUgGCgUGUGAGAGGUACC
Sequence 2:	 Score = 1.1749 	Mean Basepair Probability = 0.4918	Complexity = 0.667 	 Basepair fraction: 0.55 	 Optimized Segment : CUUgGCgUGUGAGAGGUACC
Sequence 3:	 Score = 1.1749 	Mean Basepair Probability = 0.4918	Complexity = 0.667 	 Basepair fraction: 0.55 	 Optimized Segment : CUUgGCgUGUGAGAGGUACC
Sequence 4:	 Score = 1.1749 	Mean Basepair Probability = 0.4918	Complexity = 0.667 	 Basepair fraction: 0.55 	 Optimized Segment : CUUgGCgUGUGAGAGGUACC
	ITERATION 7
Sequence 1:	 Score = 1.1749 	Mean Basepair Probability = 0.4918	Complexity = 0.667 	 Basepair fraction: 0.55 	 Optimized Segment : CUUgGCgUGUGAGAGGUACC
Sequence 2:	 Score = 0.9827 	Mean Basepair Probability = 0.6839	Complexity = 0.667 	 Basepair fraction: 0.75 	 Optimized Segment : CUUgGCgUGUGAGAGGUACC
Sequence 3:	 Score = 1.1749 	Mean Basepair Probability = 0.4918	Complexity = 0.667 	 Basepair fraction: 0.55 	 Optimized Segment : CUUgGCgUGUGAGAGGUACC
Sequence 4:	 Score = 1.1749 	Mean Basepair Probability = 0.4918	Complexity = 0.667 	 Basepair fraction: 0.55 	 Optimized Segment : CUUgGCgUGUGAGAGGUACC
	ITERATION 8
Sequence 1:	 Score = 1.1749 	Mean Basepair Probability = 0.4918	Complexity = 0.667 	 Basepair fraction: 0.55 	 Optimized Segment : CUUgGCgUGUGAGAGGUACC
Sequence 2:	 Score = 1.1749 	Mean Basepair Probability = 0.4918	Complexity = 0.667 	 Basepair fraction: 0.55 	 Optimized Segment : CUUgGCgUGUGAGAGGUACC
Sequence 3:	 Score = 1.1749 	Mean Basepair Probability = 0.4918	Complexity = 0.667 	 Basepair fraction: 0.55 	 Optimized Segment : CUUgGCgUGUGAGAGGUACC
Sequence 4:	 Score = 1.1749 	Mean Basepair Probability = 0.4918	Complexity = 0.667 	 Basepair fraction: 0.55 	 Optimized Segment : CUUgGCgUGUGAGAGGUACC
	ITERATION 9
Sequence 1:	 Score = 1.1749 	Mean Basepair Probability = 0.4918	Complexity = 0.667 	 Basepair fraction: 0.55 	 Optimized Segment : CUUgGCgUGUGAGAGGUACC
Sequence 2:	 Score = 1.1749 	Mean Basepair Probability = 0.4918	Complexity = 0.667 	 Basepair fraction: 0.55 	 Optimized Segment : CUUgGCgUGUGAGAGGUACC
Sequence 3:	 Score = 1.1749 	Mean Basepair Probability = 0.4918	Complexity = 0.667 	 Basepair fraction: 0.55 	 Optimized Segment : CUUgGCgUGUGAGAGGUACC
Sequence 4:	 Score = 1.1749 	Mean Basepair Probability = 0.4918	Complexity = 0.667 	 Basepair fraction: 0.55 	 Optimized Segment : CUUgGCgUGUGAGAGGUACC
	ITERATION 10
Sequence 1:	 Score = 1.1749 	Mean Basepair Probability = 0.4918	Complexity = 0.667 	 Basepair fraction: 0.55 	 Optimized Segment : CUUgGCgUGUGAGAGGUACC
Sequence 2:	 Score = 1.1484 	Mean Basepair Probability = 0.5183	Complexity = 0.667 	 Basepair fraction: 0.55 	 Optimized Segment : CUUgGCgUGUGAGAGGUACC
Sequence 3:	 Score = 1.0745 	Mean Basepair Probability = 0.5921	Complexity = 0.667 	 Basepair fraction: 0.75 	 Optimized Segment : CUUgGCgUGUGAGAGGUACC
Sequence 4:	 Score = 1.1749 	Mean Basepair Probability = 0.4918	Complexity = 0.667 	 Basepair fraction: 0.55 	 Optimized Segment : CUUgGCgUGUGAGAGGUACC
	ITERATION 11
Sequence 1:	 Score = 1.1676 	Mean Basepair Probability = 0.4991	Complexity = 0.667 	 Basepair fraction: 0.55 	 Optimized Segment : CUUgGCgUGUGAGAGGUACC
Sequence 2:	 Score = 1.1749 	Mean Basepair Probability = 0.4918	Complexity = 0.667 	 Basepair fraction: 0.55 	 Optimized Segment : CUUgGCgUGUGAGAGGUACC
Sequence 3:	 Score = 1.1749 	Mean Basepair Probability = 0.4918	Complexity = 0.667 	 Basepair fraction: 0.55 	 Optimized Segment : CUUgGCgUGUGAGAGGUACC
Sequence 4:	 Score = 1.1749 	Mean Basepair Probability = 0.4918	Complexity = 0.667 	 Basepair fraction: 0.55 	 Optimized Segment : CUUgGCgUGUGAGAGGUACC
	ITERATION 12
Sequence 1:	 Score = 1.1749 	Mean Basepair Probability = 0.4918	Complexity = 0.667 	 Basepair fraction: 0.55 	 Optimized Segment : CUUgGCgUGUGAGAGGUACC
Sequence 2:	 Score = 1.1749 	Mean Basepair Probability = 0.4918	Complexity = 0.667 	 Basepair fraction: 0.55 	 Optimized Segment : CUUgGCgUGUGAGAGGUACC
Sequence 3:	 Score = 1.1749 	Mean Basepair Probability = 0.4918	Complexity = 0.667 	 Basepair fraction: 0.55 	 Optimized Segment : CUUgGCgUGUGAGAGGUACC
Sequence 4:	 Score = 1.1749 	Mean Basepair Probability = 0.4918	Complexity = 0.667 	 Basepair fraction: 0.55 	 Optimized Segment : CUUgGCgUGUGAGAGGUACC
	ITERATION 13
Sequence 1:	 Score = 1.1749 	Mean Basepair Probability = 0.4918	Complexity = 0.667 	 Basepair fraction: 0.55 	 Optimized Segment : CUUgGCgUGUGAGAGGUACC
Sequence 2:	 Score = 1.1749 	Mean Basepair Probability = 0.4918	Complexity = 0.667 	 Basepair fraction: 0.55 	 Optimized Segment : CUUgGCgUGUGAGAGGUACC
Sequence 3:	 Score = 1.0317 	Mean Basepair Probability = 0.6350	Complexity = 0.667 	 Basepair fraction: 0.65 	 Optimized Segment : CUUgGCgUGUGAGAGGUACC
Sequence 4:	 Score = 1.1749 	Mean Basepair Probability = 0.4918	Complexity = 0.667 	 Basepair fraction: 0.55 	 Optimized Segment : CUUgGCgUGUGAGAGGUACC
	ITERATION 14
Sequence 1:	 Score = 1.0563 	Mean Basepair Probability = 0.6103	Complexity = 0.667 	 Basepair fraction: 0.65 	 Optimized Segment : CUUgGCgUGUGAGAGGUACC
Sequence 2:	 Score = 1.1749 	Mean Basepair Probability = 0.4918	Complexity = 0.667 	 Basepair fraction: 0.55 	 Optimized Segment : CUUgGCgUGUGAGAGGUACC
Sequence 3:	 Score = 1.1573 	Mean Basepair Probability = 0.5093	Complexity = 0.667 	 Basepair fraction: 0.60 	 Optimized Segment : CUUgGCgUGUGAGAGGUACC
Sequence 4:	 Score = 1.1749 	Mean Basepair Probability = 0.4918	Complexity = 0.667 	 Basepair fraction: 0.55 	 Optimized Segment : CUUgGCgUGUGAGAGGUACC
	ITERATION 15
Sequence 1:	 Score = 1.1749 	Mean Basepair Probability = 0.4918	Complexity = 0.667 	 Basepair fraction: 0.55 	 Optimized Segment : CUUgGCgUGUGAGAGGUACC
Sequence 2:	 Score = 1.1749 	Mean Basepair Probability = 0.4918	Complexity = 0.667 	 Basepair fraction: 0.55 	 Optimized Segment : CUUgGCgUGUGAGAGGUACC
Sequence 3:	 Score = 1.1749 	Mean Basepair Probability = 0.4918	Complexity = 0.667 	 Basepair fraction: 0.55 	 Optimized Segment : CUUgGCgUGUGAGAGGUACC
Sequence 4:	 Score = 1.1749 	Mean Basepair Probability = 0.4918	Complexity = 0.667 	 Basepair fraction: 0.55 	 Optimized Segment : CUUgGCgUGUGAGAGGUACC
	ITERATION 16
Sequence 1:	 Score = 1.1449 	Mean Basepair Probability = 0.5217	Complexity = 0.667 	 Basepair fraction: 0.65 	 Optimized Segment : CUUgGCgUGUGAGAGGUACC
Sequence 2:	 Score = 1.1749 	Mean Basepair Probability = 0.4918	Complexity = 0.667 	 Basepair fraction: 0.55 	 Optimized Segment : CUUgGCgUGUGAGAGGUACC
Sequence 3:	 Score = 1.1749 	Mean Basepair Probability = 0.4918	Complexity = 0.667 	 Basepair fraction: 0.55 	 Optimized Segment : CUUgGCgUGUGAGAGGUACC
Sequence 4:	 Score = 1.1749 	Mean Basepair Probability = 0.4918	Complexity = 0.667 	 Basepair fraction: 0.55 	 Optimized Segment : CUUgGCgUGUGAGAGGUACC
	ITERATION 17
Sequence 1:	 Score = 1.1749 	Mean Basepair Probability = 0.4918	Complexity = 0.667 	 Basepair fraction: 0.55 	 Optimized Segment : CUUgGCgUGUGAGAGGUACC
Sequence 2:	 Score = 1.1749 	Mean Basepair Probability = 0.4918	Complexity = 0.667 	 Basepair fraction: 0.55 	 Optimized Segment : CUUgGCgUGUGAGAGGUACC
Sequence 3:	 Score = 1.1749 	Mean Basepair Probability = 0.4918	Complexity = 0.667 	 Basepair fraction: 0.55 	 Optimized Segment : CUUgGCgUGUGAGAGGUACC
Sequence 4:	 Score = 1.1135 	Mean Basepair Probability = 0.5532	Complexity = 0.667 	 Basepair fraction: 0.65 	 Optimized Segment : CUUgGCgUGUGAGAGGUACC
	ITERATION 18
Sequence 1:	 Score = 1.1749 	Mean Basepair Probability = 0.4918	Complexity = 0.667 	 Basepair fraction: 0.55 	 Optimized Segment : CUUgGCgUGUGAGAGGUACC
Sequence 2:	 Score = 1.1749 	Mean Basepair Probability = 0.4918	Complexity = 0.667 	 Basepair fraction: 0.55 	 Optimized Segment : CUUgGCgUGUGAGAGGUACC
Sequence 3:	 Score = 1.1749 	Mean Basepair Probability = 0.4918	Complexity = 0.667 	 Basepair fraction: 0.55 	 Optimized Segment : CUUgGCgUGUGAGAGGUACC
Sequence 4:	 Score = 1.1749 	Mean Basepair Probability = 0.4918	Complexity = 0.667 	 Basepair fraction: 0.55 	 Optimized Segment : CUUgGCgUGUGAGAGGUACC
	ITERATION 19
Sequence 1:	 Score = 1.0728 	Mean Basepair Probability = 0.5938	Complexity = 0.667 	 Basepair fraction: 0.60 	 Optimized Segment : CUUgGCgUGUGAGAGGUACC
Sequence 2:	 Score = 1.1749 	Mean Basepair Probability = 0.4918	Complexity = 0.667 	 Basepair fraction: 0.55 	 Optimized Segment : CUUgGCgUGUGAGAGGUACC
Sequence 3:	 Score = 1.1749 	Mean Basepair Probability = 0.4918	Complexity = 0.667 	 Basepair fraction: 0.55 	 Optimized Segment : CUUgGCgUGUGAGAGGUACC
Sequence 4:	 Score = 1.1253 	Mean Basepair Probability = 0.5414	Complexity = 0.667 	 Basepair fraction: 0.55 	 Optimized Segment : CUUgGCgUGUGAGAGGUACC
	ITERATION 20
Sequence 1:	 Score = 1.1749 	Mean Basepair Probability = 0.4918	Complexity = 0.667 	 Basepair fraction: 0.55 	 Optimized Segment : CUUgGCgUGUGAGAGGUACC
Sequence 2:	 Score = 1.1749 	Mean Basepair Probability = 0.4918	Complexity = 0.667 	 Basepair fraction: 0.55 	 Optimized Segment : CUUgGCgUGUGAGAGGUACC
Sequence 3:	 Score = 1.1224 	Mean Basepair Probability = 0.5442	Complexity = 0.667 	 Basepair fraction: 0.55 	 Optimized Segment : CUUgGCgUGUGAGAGGUACC
Sequence 4:	 Score = 1.1749 	Mean Basepair Probability = 0.4918	Complexity = 0.667 	 Basepair fraction: 0.55 	 Optimized Segment : CUUgGCgUGUGAGAGGUACC

Output:   
Final Sequence 1:	 Score = 1.1749 	Mean Basepair Probabilty = 0.4918	Complexity = 0.667 	 Basepair fraction: 0.55 	 Optimized Segment : CUUgGCgUGUGAGAGGUACC
Final Sequence 2:	 Score = 1.1749 	Mean Basepair Probabilty = 0.4918	Complexity = 0.667 	 Basepair fraction: 0.55 	 Optimized Segment : CUUgGCgUGUGAGAGGUACC
Final Sequence 3:	 Score = 1.1749 	Mean Basepair Probabilty = 0.4918	Complexity = 0.667 	 Basepair fraction: 0.55 	 Optimized Segment : CUUgGCgUGUGAGAGGUACC
Final Sequence 4:	 Score = 1.1749 	Mean Basepair Probabilty = 0.4918	Complexity = 0.667 	 Basepair fraction: 0.55 	 Optimized Segment : CUUgGCgUGUGAGAGGUACC
