Initializing mutant RNA sequences...		DONE
Running OREGA calculations:
	ITERATION 1
Sequence 1:	 Score = 0.9792 	Mean Basepair Probability = 0.5110	Complexity = 0.490 	 Basepair fraction: 0.55 	 Optimized Segment : GGGGGCGUAGCUCAGAGGGU
Sequence 2:	 Score = 1.1147 	Mean Basepair Probability = 0.5127	Complexity = 0.627 	 Basepair fraction: 0.55 	 Optimized Segment : GGGGGCGUAGCUCAGAuGGU
Sequence 3:	 Score = 1.0267 	Mean Basepair Probability = 0.5125	Complexity = 0.539 	 Basepair fraction: 0.55 	 Optimized Segment : GGGGGCGUAGCUCAGAuAGU
Sequence 4:	 Score = 1.1147 	Mean Basepair Probability = 0.5127	Complexity = 0.627 	 Basepair fraction: 0.55 	 Optimized Segment : GGGGGCGUAGCUCAGAuGGU
	ITERATION 2
Sequence 1:	 Score = 0.9112 	Mean Basepair Probability = 0.5177	Complexity = 0.429 	 Basepair fraction: 0.55 	 Optimized Segment : GGGGGCGUAGCUCAGCuGGU
Sequence 2:	 Score = 1.2495 	Mean Basepair Probability = 0.4172	Complexity = 0.667 	 Basepair fraction: 0.40 	 Optimized Segment : GGGGUCGUAGCUCAGAuGGU
Sequence 3:	 Score = 1.0682 	Mean Basepair Probability = 0.5593	Complexity = 0.627 	 Basepair fraction: 0.60 	 Optimized Segment : GGGGGCGUAGCUCCGAuGGU
Sequence 4:	 Score = 1.1147 	Mean Basepair Probability = 0.5127	Complexity = 0.627 	 Basepair fraction: 0.55 	 Optimized Segment : GGGGGCGUAGCUCAGAuGGU
	ITERATION 3
Sequence 1:	 Score = 1.2495 	Mean Basepair Probability = 0.4172	Complexity = 0.667 	 Basepair fraction: 0.40 	 Optimized Segment : GGGGUCGUAGCUCAGAuGGU
Sequence 2:	 Score = 1.1147 	Mean Basepair Probability = 0.5127	Complexity = 0.627 	 Basepair fraction: 0.55 	 Optimized Segment : GGGGGCGUAGCUCAGAuGGU
Sequence 3:	 Score = 1.1672 	Mean Basepair Probability = 0.5411	Complexity = 0.708 	 Basepair fraction: 0.55 	 Optimized Segment : GCGGGCGUAGCUCAGAuGGU
Sequence 4:	 Score = 1.2495 	Mean Basepair Probability = 0.4172	Complexity = 0.667 	 Basepair fraction: 0.40 	 Optimized Segment : GGGGUCGUAGCUCAGAuGGU

Output:   
Final Sequence 1:	 Score = 1.2495 	Mean Basepair Probabilty = 0.4172	Complexity = 0.667 	 Basepair fraction: 0.40 	 Optimized Segment : GGGGUCGUAGCUCAGAuGGU
Final Sequence 2:	 Score = 1.1672 	Mean Basepair Probabilty = 0.5411	Complexity = 0.708 	 Basepair fraction: 0.55 	 Optimized Segment : GCGGGCGUAGCUCAGAuGGU
Final Sequence 3:	 Score = 1.2495 	Mean Basepair Probabilty = 0.4172	Complexity = 0.667 	 Basepair fraction: 0.40 	 Optimized Segment : GGGGUCGUAGCUCAGAuGGU
Final Sequence 4:	 Score = 1.2495 	Mean Basepair Probabilty = 0.4172	Complexity = 0.667 	 Basepair fraction: 0.40 	 Optimized Segment : GGGGUCGUAGCUCAGAuGGU
