Initializing mutant RNA sequences...		DONE
Running OREGA calculations:
	ITERATION 1
Sequence 1:	 Score = 1.1749 	Mean Basepair Probability = 0.4918	Complexity = 0.667 	 Basepair fraction: 0.55 	 Optimized Segment : CUUgGCgUGUGAGAGGUACC
Sequence 2:	 Score = 1.1738 	Mean Basepair Probability = 0.4929	Complexity = 0.667 	 Basepair fraction: 0.55 	 Optimized Segment : CUUgGCgUGUGAGAGGUACC
Sequence 3:	 Score = 1.1741 	Mean Basepair Probability = 0.4926	Complexity = 0.667 	 Basepair fraction: 0.55 	 Optimized Segment : CUUgGCgUGUGAGAGGUACC
Sequence 4:	 Score = 1.1738 	Mean Basepair Probability = 0.4929	Complexity = 0.667 	 Basepair fraction: 0.55 	 Optimized Segment : CUUgGCgUGUGAGAGGUACC
Sequence 5:	 Score = 1.1698 	Mean Basepair Probability = 0.4969	Complexity = 0.667 	 Basepair fraction: 0.55 	 Optimized Segment : CUUgGCgUGUGAGAGGUACC
Sequence 6:	 Score = 1.0255 	Mean Basepair Probability = 0.6411	Complexity = 0.667 	 Basepair fraction: 0.65 	 Optimized Segment : CUUgGCgUGUGAGAGGUACC
Sequence 7:	 Score = 1.0079 	Mean Basepair Probability = 0.6588	Complexity = 0.667 	 Basepair fraction: 0.75 	 Optimized Segment : CUUgGCgUGUGAGAGGUACC
Sequence 8:	 Score = 1.1738 	Mean Basepair Probability = 0.4929	Complexity = 0.667 	 Basepair fraction: 0.55 	 Optimized Segment : CUUgGCgUGUGAGAGGUACC
Sequence 9:	 Score = 1.0255 	Mean Basepair Probability = 0.6411	Complexity = 0.667 	 Basepair fraction: 0.65 	 Optimized Segment : CUUgGCgUGUGAGAGGUACC
Sequence 10:	 Score = 1.1738 	Mean Basepair Probability = 0.4929	Complexity = 0.667 	 Basepair fraction: 0.55 	 Optimized Segment : CUUgGCgUGUGAGAGGUACC
	ITERATION 2
Sequence 1:	 Score = 1.0806 	Mean Basepair Probability = 0.5861	Complexity = 0.667 	 Basepair fraction: 0.55 	 Optimized Segment : CUUgGCgUGUGAGAGGUACC
Sequence 2:	 Score = 1.1738 	Mean Basepair Probability = 0.4929	Complexity = 0.667 	 Basepair fraction: 0.55 	 Optimized Segment : CUUgGCgUGUGAGAGGUACC
Sequence 3:	 Score = 1.1738 	Mean Basepair Probability = 0.4929	Complexity = 0.667 	 Basepair fraction: 0.55 	 Optimized Segment : CUUgGCgUGUGAGAGGUACC
Sequence 4:	 Score = 1.1738 	Mean Basepair Probability = 0.4929	Complexity = 0.667 	 Basepair fraction: 0.55 	 Optimized Segment : CUUgGCgUGUGAGAGGUACC
Sequence 5:	 Score = 1.1738 	Mean Basepair Probability = 0.4929	Complexity = 0.667 	 Basepair fraction: 0.55 	 Optimized Segment : CUUgGCgUGUGAGAGGUACC
Sequence 6:	 Score = 1.0564 	Mean Basepair Probability = 0.6103	Complexity = 0.667 	 Basepair fraction: 0.65 	 Optimized Segment : CUUgGCgUGUGAGAGGUACC
Sequence 7:	 Score = 1.1738 	Mean Basepair Probability = 0.4929	Complexity = 0.667 	 Basepair fraction: 0.55 	 Optimized Segment : CUUgGCgUGUGAGAGGUACC
Sequence 8:	 Score = 1.1738 	Mean Basepair Probability = 0.4929	Complexity = 0.667 	 Basepair fraction: 0.55 	 Optimized Segment : CUUgGCgUGUGAGAGGUACC
Sequence 9:	 Score = 1.1741 	Mean Basepair Probability = 0.4926	Complexity = 0.667 	 Basepair fraction: 0.55 	 Optimized Segment : CUUgGCgUGUGAGAGGUACC
Sequence 10:	 Score = 1.1749 	Mean Basepair Probability = 0.4918	Complexity = 0.667 	 Basepair fraction: 0.55 	 Optimized Segment : CUUgGCgUGUGAGAGGUACC
	ITERATION 3
Sequence 1:	 Score = 1.1738 	Mean Basepair Probability = 0.4929	Complexity = 0.667 	 Basepair fraction: 0.55 	 Optimized Segment : CUUgGCgUGUGAGAGGUACC
Sequence 2:	 Score = 1.1738 	Mean Basepair Probability = 0.4929	Complexity = 0.667 	 Basepair fraction: 0.55 	 Optimized Segment : CUUgGCgUGUGAGAGGUACC
Sequence 3:	 Score = 1.1738 	Mean Basepair Probability = 0.4929	Complexity = 0.667 	 Basepair fraction: 0.55 	 Optimized Segment : CUUgGCgUGUGAGAGGUACC
Sequence 4:	 Score = 1.1478 	Mean Basepair Probability = 0.5188	Complexity = 0.667 	 Basepair fraction: 0.55 	 Optimized Segment : CUUgGCgUGUGAGAGGUACC
Sequence 5:	 Score = 1.1749 	Mean Basepair Probability = 0.4918	Complexity = 0.667 	 Basepair fraction: 0.55 	 Optimized Segment : CUUgGCgUGUGAGAGGUACC
Sequence 6:	 Score = 1.1738 	Mean Basepair Probability = 0.4929	Complexity = 0.667 	 Basepair fraction: 0.55 	 Optimized Segment : CUUgGCgUGUGAGAGGUACC
Sequence 7:	 Score = 1.1749 	Mean Basepair Probability = 0.4918	Complexity = 0.667 	 Basepair fraction: 0.55 	 Optimized Segment : CUUgGCgUGUGAGAGGUACC
Sequence 8:	 Score = 1.1741 	Mean Basepair Probability = 0.4926	Complexity = 0.667 	 Basepair fraction: 0.55 	 Optimized Segment : CUUgGCgUGUGAGAGGUACC
Sequence 9:	 Score = 1.1741 	Mean Basepair Probability = 0.4926	Complexity = 0.667 	 Basepair fraction: 0.55 	 Optimized Segment : CUUgGCgUGUGAGAGGUACC
Sequence 10:	 Score = 1.1749 	Mean Basepair Probability = 0.4918	Complexity = 0.667 	 Basepair fraction: 0.55 	 Optimized Segment : CUUgGCgUGUGAGAGGUACC
	ITERATION 4
Sequence 1:	 Score = 1.1738 	Mean Basepair Probability = 0.4929	Complexity = 0.667 	 Basepair fraction: 0.55 	 Optimized Segment : CUUgGCgUGUGAGAGGUACC
Sequence 2:	 Score = 1.1749 	Mean Basepair Probability = 0.4918	Complexity = 0.667 	 Basepair fraction: 0.55 	 Optimized Segment : CUUgGCgUGUGAGAGGUACC
Sequence 3:	 Score = 1.0736 	Mean Basepair Probability = 0.5931	Complexity = 0.667 	 Basepair fraction: 0.55 	 Optimized Segment : CUUgGCgUGUGAGAGGUACC
Sequence 4:	 Score = 1.0674 	Mean Basepair Probability = 0.5992	Complexity = 0.667 	 Basepair fraction: 0.60 	 Optimized Segment : CUUgGCgUGUGAGAGGUACC
Sequence 5:	 Score = 1.1766 	Mean Basepair Probability = 0.4900	Complexity = 0.667 	 Basepair fraction: 0.55 	 Optimized Segment : CUUgGCgUGUGAGAGGUACC
Sequence 6:	 Score = 1.1484 	Mean Basepair Probability = 0.5183	Complexity = 0.667 	 Basepair fraction: 0.55 	 Optimized Segment : CUUgGCgUGUGAGAGGUACC
Sequence 7:	 Score = 1.0745 	Mean Basepair Probability = 0.5921	Complexity = 0.667 	 Basepair fraction: 0.75 	 Optimized Segment : CUUgGCgUGUGAGAGGUACC
Sequence 8:	 Score = 1.1741 	Mean Basepair Probability = 0.4926	Complexity = 0.667 	 Basepair fraction: 0.55 	 Optimized Segment : CUUgGCgUGUGAGAGGUACC
Sequence 9:	 Score = 1.1613 	Mean Basepair Probability = 0.5054	Complexity = 0.667 	 Basepair fraction: 0.55 	 Optimized Segment : CUUgGCgUGUGAGAGGUACC
Sequence 10:	 Score = 1.1749 	Mean Basepair Probability = 0.4918	Complexity = 0.667 	 Basepair fraction: 0.55 	 Optimized Segment : CUUgGCgUGUGAGAGGUACC
	ITERATION 5
Sequence 1:	 Score = 1.1749 	Mean Basepair Probability = 0.4918	Complexity = 0.667 	 Basepair fraction: 0.55 	 Optimized Segment : CUUgGCgUGUGAGAGGUACC
Sequence 2:	 Score = 1.1749 	Mean Basepair Probability = 0.4918	Complexity = 0.667 	 Basepair fraction: 0.55 	 Optimized Segment : CUUgGCgUGUGAGAGGUACC
Sequence 3:	 Score = 1.1741 	Mean Basepair Probability = 0.4926	Complexity = 0.667 	 Basepair fraction: 0.55 	 Optimized Segment : CUUgGCgUGUGAGAGGUACC
Sequence 4:	 Score = 1.1471 	Mean Basepair Probability = 0.5195	Complexity = 0.667 	 Basepair fraction: 0.60 	 Optimized Segment : CUUgGCgUGUGAGAGGUACC
Sequence 5:	 Score = 1.1749 	Mean Basepair Probability = 0.4918	Complexity = 0.667 	 Basepair fraction: 0.55 	 Optimized Segment : CUUgGCgUGUGAGAGGUACC
Sequence 6:	 Score = 1.1749 	Mean Basepair Probability = 0.4918	Complexity = 0.667 	 Basepair fraction: 0.55 	 Optimized Segment : CUUgGCgUGUGAGAGGUACC
Sequence 7:	 Score = 1.1131 	Mean Basepair Probability = 0.5535	Complexity = 0.667 	 Basepair fraction: 0.55 	 Optimized Segment : CUUgGCgUGUGAGAGGUACC
Sequence 8:	 Score = 1.1766 	Mean Basepair Probability = 0.4900	Complexity = 0.667 	 Basepair fraction: 0.55 	 Optimized Segment : CUUgGCgUGUGAGAGGUACC
Sequence 9:	 Score = 1.0563 	Mean Basepair Probability = 0.6103	Complexity = 0.667 	 Basepair fraction: 0.65 	 Optimized Segment : CUUgGCgUGUGAGAGGUACC
Sequence 10:	 Score = 1.1749 	Mean Basepair Probability = 0.4918	Complexity = 0.667 	 Basepair fraction: 0.55 	 Optimized Segment : CUUgGCgUGUGAGAGGUACC
	ITERATION 6
Sequence 1:	 Score = 1.1766 	Mean Basepair Probability = 0.4900	Complexity = 0.667 	 Basepair fraction: 0.55 	 Optimized Segment : CUUgGCgUGUGAGAGGUACC
Sequence 2:	 Score = 1.1749 	Mean Basepair Probability = 0.4918	Complexity = 0.667 	 Basepair fraction: 0.55 	 Optimized Segment : CUUgGCgUGUGAGAGGUACC
Sequence 3:	 Score = 1.1749 	Mean Basepair Probability = 0.4918	Complexity = 0.667 	 Basepair fraction: 0.55 	 Optimized Segment : CUUgGCgUGUGAGAGGUACC
Sequence 4:	 Score = 1.1749 	Mean Basepair Probability = 0.4918	Complexity = 0.667 	 Basepair fraction: 0.55 	 Optimized Segment : CUUgGCgUGUGAGAGGUACC
Sequence 5:	 Score = 1.1749 	Mean Basepair Probability = 0.4918	Complexity = 0.667 	 Basepair fraction: 0.55 	 Optimized Segment : CUUgGCgUGUGAGAGGUACC
Sequence 6:	 Score = 1.1749 	Mean Basepair Probability = 0.4918	Complexity = 0.667 	 Basepair fraction: 0.55 	 Optimized Segment : CUUgGCgUGUGAGAGGUACC
Sequence 7:	 Score = 1.1749 	Mean Basepair Probability = 0.4918	Complexity = 0.667 	 Basepair fraction: 0.55 	 Optimized Segment : CUUgGCgUGUGAGAGGUACC
Sequence 8:	 Score = 1.1749 	Mean Basepair Probability = 0.4918	Complexity = 0.667 	 Basepair fraction: 0.55 	 Optimized Segment : CUUgGCgUGUGAGAGGUACC
Sequence 9:	 Score = 1.1766 	Mean Basepair Probability = 0.4900	Complexity = 0.667 	 Basepair fraction: 0.55 	 Optimized Segment : CUUgGCgUGUGAGAGGUACC
Sequence 10:	 Score = 1.1749 	Mean Basepair Probability = 0.4918	Complexity = 0.667 	 Basepair fraction: 0.55 	 Optimized Segment : CUUgGCgUGUGAGAGGUACC
	ITERATION 7
Sequence 1:	 Score = 1.1749 	Mean Basepair Probability = 0.4918	Complexity = 0.667 	 Basepair fraction: 0.55 	 Optimized Segment : CUUgGCgUGUGAGAGGUACC
Sequence 2:	 Score = 1.0599 	Mean Basepair Probability = 0.6067	Complexity = 0.667 	 Basepair fraction: 0.65 	 Optimized Segment : CUUgGCgUGUGAGAGGUACC
Sequence 3:	 Score = 1.1766 	Mean Basepair Probability = 0.4900	Complexity = 0.667 	 Basepair fraction: 0.55 	 Optimized Segment : CUUgGCgUGUGAGAGGUACC
Sequence 4:	 Score = 1.1749 	Mean Basepair Probability = 0.4918	Complexity = 0.667 	 Basepair fraction: 0.55 	 Optimized Segment : CUUgGCgUGUGAGAGGUACC
Sequence 5:	 Score = 1.1135 	Mean Basepair Probability = 0.5532	Complexity = 0.667 	 Basepair fraction: 0.65 	 Optimized Segment : CUUgGCgUGUGAGAGGUACC
Sequence 6:	 Score = 1.0317 	Mean Basepair Probability = 0.6350	Complexity = 0.667 	 Basepair fraction: 0.65 	 Optimized Segment : CUUgGCgUGUGAGAGGUACC
Sequence 7:	 Score = 1.0766 	Mean Basepair Probability = 0.5901	Complexity = 0.667 	 Basepair fraction: 0.65 	 Optimized Segment : CUUgGCgUGUGAGAGGUACC
Sequence 8:	 Score = 1.1892 	Mean Basepair Probability = 0.4774	Complexity = 0.667 	 Basepair fraction: 0.60 	 Optimized Segment : CUUgGCgUGUGAGAGGUACC
Sequence 9:	 Score = 1.1892 	Mean Basepair Probability = 0.4774	Complexity = 0.667 	 Basepair fraction: 0.60 	 Optimized Segment : CUUgGCgUGUGAGAGGUACC
Sequence 10:	 Score = 1.1766 	Mean Basepair Probability = 0.4901	Complexity = 0.667 	 Basepair fraction: 0.55 	 Optimized Segment : CUUgGCgUGUGAGAGGUACC
	ITERATION 8
Sequence 1:	 Score = 1.1135 	Mean Basepair Probability = 0.5532	Complexity = 0.667 	 Basepair fraction: 0.65 	 Optimized Segment : CUUgGCgUGUGAGAGGUACC
Sequence 2:	 Score = 1.1749 	Mean Basepair Probability = 0.4918	Complexity = 0.667 	 Basepair fraction: 0.55 	 Optimized Segment : CUUgGCgUGUGAGAGGUACC
Sequence 3:	 Score = 1.1766 	Mean Basepair Probability = 0.4900	Complexity = 0.667 	 Basepair fraction: 0.55 	 Optimized Segment : CUUgGCgUGUGAGAGGUACC
Sequence 4:	 Score = 1.0903 	Mean Basepair Probability = 0.5764	Complexity = 0.667 	 Basepair fraction: 0.60 	 Optimized Segment : CUUgGCgUGUGAGAGGUACC
Sequence 5:	 Score = 1.1892 	Mean Basepair Probability = 0.4774	Complexity = 0.667 	 Basepair fraction: 0.60 	 Optimized Segment : CUUgGCgUGUGAGAGGUACC
Sequence 6:	 Score = 1.1892 	Mean Basepair Probability = 0.4774	Complexity = 0.667 	 Basepair fraction: 0.60 	 Optimized Segment : CUUgGCgUGUGAGAGGUACC
Sequence 7:	 Score = 1.1244 	Mean Basepair Probability = 0.5422	Complexity = 0.667 	 Basepair fraction: 0.55 	 Optimized Segment : CUUgGCgUGUGAGAGGUACC
Sequence 8:	 Score = 1.1766 	Mean Basepair Probability = 0.4900	Complexity = 0.667 	 Basepair fraction: 0.55 	 Optimized Segment : CUUgGCgUGUGAGAGGUACC
Sequence 9:	 Score = 1.1766 	Mean Basepair Probability = 0.4900	Complexity = 0.667 	 Basepair fraction: 0.55 	 Optimized Segment : CUUgGCgUGUGAGAGGUACC
Sequence 10:	 Score = 1.1766 	Mean Basepair Probability = 0.4900	Complexity = 0.667 	 Basepair fraction: 0.55 	 Optimized Segment : CUUgGCgUGUGAGAGGUACC
	ITERATION 9
Sequence 1:	 Score = 1.1892 	Mean Basepair Probability = 0.4774	Complexity = 0.667 	 Basepair fraction: 0.60 	 Optimized Segment : CUUgGCgUGUGAGAGGUACC
Sequence 2:	 Score = 1.2513 	Mean Basepair Probability = 0.4154	Complexity = 0.667 	 Basepair fraction: 0.40 	 Optimized Segment : CUUgGCgUGUGAGAGGUACC
Sequence 3:	 Score = 1.0364 	Mean Basepair Probability = 0.6302	Complexity = 0.667 	 Basepair fraction: 0.65 	 Optimized Segment : CUUgGCgUGUGAGAGGUACC
Sequence 4:	 Score = 1.1766 	Mean Basepair Probability = 0.4900	Complexity = 0.667 	 Basepair fraction: 0.55 	 Optimized Segment : CUUgGCgUGUGAGAGGUACC
Sequence 5:	 Score = 1.1892 	Mean Basepair Probability = 0.4774	Complexity = 0.667 	 Basepair fraction: 0.60 	 Optimized Segment : CUUgGCgUGUGAGAGGUACC
Sequence 6:	 Score = 1.1892 	Mean Basepair Probability = 0.4774	Complexity = 0.667 	 Basepair fraction: 0.60 	 Optimized Segment : CUUgGCgUGUGAGAGGUACC
Sequence 7:	 Score = 1.1758 	Mean Basepair Probability = 0.4909	Complexity = 0.667 	 Basepair fraction: 0.55 	 Optimized Segment : CUUgGCgUGUGAGAGGUACC
Sequence 8:	 Score = 1.1766 	Mean Basepair Probability = 0.4900	Complexity = 0.667 	 Basepair fraction: 0.55 	 Optimized Segment : CUUgGCgUGUGAGAGGUACC
Sequence 9:	 Score = 1.1766 	Mean Basepair Probability = 0.4900	Complexity = 0.667 	 Basepair fraction: 0.55 	 Optimized Segment : CUUgGCgUGUGAGAGGUACC
Sequence 10:	 Score = 1.1766 	Mean Basepair Probability = 0.4900	Complexity = 0.667 	 Basepair fraction: 0.55 	 Optimized Segment : CUUgGCgUGUGAGAGGUACC
	ITERATION 10
Sequence 1:	 Score = 1.1892 	Mean Basepair Probability = 0.4774	Complexity = 0.667 	 Basepair fraction: 0.60 	 Optimized Segment : CUUgGCgUGUGAGAGGUACC
Sequence 2:	 Score = 1.1892 	Mean Basepair Probability = 0.4774	Complexity = 0.667 	 Basepair fraction: 0.60 	 Optimized Segment : CUUgGCgUGUGAGAGGUACC
Sequence 3:	 Score = 1.1766 	Mean Basepair Probability = 0.4900	Complexity = 0.667 	 Basepair fraction: 0.55 	 Optimized Segment : CUUgGCgUGUGAGAGGUACC
Sequence 4:	 Score = 1.0623 	Mean Basepair Probability = 0.6044	Complexity = 0.667 	 Basepair fraction: 0.65 	 Optimized Segment : CUUgGCgUGUGAGAGGUACC
Sequence 5:	 Score = 1.1892 	Mean Basepair Probability = 0.4774	Complexity = 0.667 	 Basepair fraction: 0.60 	 Optimized Segment : CUUgGCgUGUGAGAGGUACC
Sequence 6:	 Score = 1.1892 	Mean Basepair Probability = 0.4774	Complexity = 0.667 	 Basepair fraction: 0.60 	 Optimized Segment : CUUgGCgUGUGAGAGGUACC
Sequence 7:	 Score = 1.1892 	Mean Basepair Probability = 0.4774	Complexity = 0.667 	 Basepair fraction: 0.60 	 Optimized Segment : CUUgGCgUGUGAGAGGUACC
Sequence 8:	 Score = 1.1892 	Mean Basepair Probability = 0.4774	Complexity = 0.667 	 Basepair fraction: 0.60 	 Optimized Segment : CUUgGCgUGUGAGAGGUACC
Sequence 9:	 Score = 1.2513 	Mean Basepair Probability = 0.4154	Complexity = 0.667 	 Basepair fraction: 0.40 	 Optimized Segment : CUUgGCgUGUGAGAGGUACC
Sequence 10:	 Score = 1.1892 	Mean Basepair Probability = 0.4774	Complexity = 0.667 	 Basepair fraction: 0.60 	 Optimized Segment : CUUgGCgUGUGAGAGGUACC

Output:   
Final Sequence 1:	 Score = 1.1892 	Mean Basepair Probabilty = 0.4774	Complexity = 0.667 	 Basepair fraction: 0.60 	 Optimized Segment : CUUgGCgUGUGAGAGGUACC
Final Sequence 2:	 Score = 1.1892 	Mean Basepair Probabilty = 0.4774	Complexity = 0.667 	 Basepair fraction: 0.60 	 Optimized Segment : CUUgGCgUGUGAGAGGUACC
Final Sequence 3:	 Score = 1.2513 	Mean Basepair Probabilty = 0.4154	Complexity = 0.667 	 Basepair fraction: 0.40 	 Optimized Segment : CUUgGCgUGUGAGAGGUACC
Final Sequence 4:	 Score = 1.1892 	Mean Basepair Probabilty = 0.4774	Complexity = 0.667 	 Basepair fraction: 0.60 	 Optimized Segment : CUUgGCgUGUGAGAGGUACC
Final Sequence 5:	 Score = 1.1892 	Mean Basepair Probabilty = 0.4774	Complexity = 0.667 	 Basepair fraction: 0.60 	 Optimized Segment : CUUgGCgUGUGAGAGGUACC
Final Sequence 6:	 Score = 1.1892 	Mean Basepair Probabilty = 0.4774	Complexity = 0.667 	 Basepair fraction: 0.60 	 Optimized Segment : CUUgGCgUGUGAGAGGUACC
Final Sequence 7:	 Score = 1.1892 	Mean Basepair Probabilty = 0.4774	Complexity = 0.667 	 Basepair fraction: 0.60 	 Optimized Segment : CUUgGCgUGUGAGAGGUACC
Final Sequence 8:	 Score = 1.1892 	Mean Basepair Probabilty = 0.4774	Complexity = 0.667 	 Basepair fraction: 0.60 	 Optimized Segment : CUUgGCgUGUGAGAGGUACC
Final Sequence 9:	 Score = 1.2513 	Mean Basepair Probabilty = 0.4154	Complexity = 0.667 	 Basepair fraction: 0.40 	 Optimized Segment : CUUgGCgUGUGAGAGGUACC
Final Sequence 10:	 Score = 1.1892 	Mean Basepair Probabilty = 0.4774	Complexity = 0.667 	 Basepair fraction: 0.60 	 Optimized Segment : CUUgGCgUGUGAGAGGUACC
