Initializing mutant RNA sequences...		DONE
Running OREGA calculations:
	ITERATION 1
Sequence 1:	 Score = 1.2173 	Mean Basepair Probability = 0.4494	Complexity = 0.667 	 Basepair fraction: 0.40 	 Optimized Segment : CUUgGCgUGUGAGAGGUACC
Sequence 2:	 Score = 1.0354 	Mean Basepair Probability = 0.6313	Complexity = 0.667 	 Basepair fraction: 0.65 	 Optimized Segment : CUUgGCgUGUGAGAGGUACC
Sequence 3:	 Score = 1.0354 	Mean Basepair Probability = 0.6313	Complexity = 0.667 	 Basepair fraction: 0.65 	 Optimized Segment : CUUgGCgUGUGAGAGGUACC
Sequence 4:	 Score = 1.1738 	Mean Basepair Probability = 0.4929	Complexity = 0.667 	 Basepair fraction: 0.55 	 Optimized Segment : CUUgGCgUGUGAGAGGUACC
	ITERATION 2
Sequence 1:	 Score = 1.0806 	Mean Basepair Probability = 0.5861	Complexity = 0.667 	 Basepair fraction: 0.55 	 Optimized Segment : CUUgGCgUGUGAGAGGUACC
Sequence 2:	 Score = 1.0398 	Mean Basepair Probability = 0.6269	Complexity = 0.667 	 Basepair fraction: 0.65 	 Optimized Segment : CUUgGCgUGUGAGAGGUACC
Sequence 3:	 Score = 1.1738 	Mean Basepair Probability = 0.4929	Complexity = 0.667 	 Basepair fraction: 0.55 	 Optimized Segment : CUUgGCgUGUGAGAGGUACC
Sequence 4:	 Score = 1.0272 	Mean Basepair Probability = 0.6395	Complexity = 0.667 	 Basepair fraction: 0.65 	 Optimized Segment : CUUgGCgUGUGAGAGGUACC
	ITERATION 3
Sequence 1:	 Score = 1.0387 	Mean Basepair Probability = 0.6279	Complexity = 0.667 	 Basepair fraction: 0.65 	 Optimized Segment : CUUgGCgUGUGAGAGGUACC
Sequence 2:	 Score = 1.1738 	Mean Basepair Probability = 0.4929	Complexity = 0.667 	 Basepair fraction: 0.55 	 Optimized Segment : CUUgGCgUGUGAGAGGUACC
Sequence 3:	 Score = 1.0398 	Mean Basepair Probability = 0.6269	Complexity = 0.667 	 Basepair fraction: 0.65 	 Optimized Segment : CUUgGCgUGUGAGAGGUACC
Sequence 4:	 Score = 1.0288 	Mean Basepair Probability = 0.6378	Complexity = 0.667 	 Basepair fraction: 0.65 	 Optimized Segment : CUUgGCgUGUGAGAGGUACC
	ITERATION 4
Sequence 1:	 Score = 1.0354 	Mean Basepair Probability = 0.6313	Complexity = 0.667 	 Basepair fraction: 0.65 	 Optimized Segment : CUUgGCgUGUGAGAGGUACC
Sequence 2:	 Score = 1.0622 	Mean Basepair Probability = 0.6045	Complexity = 0.667 	 Basepair fraction: 0.60 	 Optimized Segment : CUUgGCgUGUGAGAGGUACC
Sequence 3:	 Score = 1.0362 	Mean Basepair Probability = 0.6305	Complexity = 0.667 	 Basepair fraction: 0.65 	 Optimized Segment : CUUgGCgUGUGAGAGGUACC
Sequence 4:	 Score = 1.0307 	Mean Basepair Probability = 0.6360	Complexity = 0.667 	 Basepair fraction: 0.65 	 Optimized Segment : CUUgGCgUGUGAGAGGUACC
	ITERATION 5
Sequence 1:	 Score = 1.0362 	Mean Basepair Probability = 0.6305	Complexity = 0.667 	 Basepair fraction: 0.65 	 Optimized Segment : CUUgGCgUGUGAGAGGUACC
Sequence 2:	 Score = 1.0362 	Mean Basepair Probability = 0.6305	Complexity = 0.667 	 Basepair fraction: 0.65 	 Optimized Segment : CUUgGCgUGUGAGAGGUACC
Sequence 3:	 Score = 1.1738 	Mean Basepair Probability = 0.4929	Complexity = 0.667 	 Basepair fraction: 0.55 	 Optimized Segment : CUUgGCgUGUGAGAGGUACC
Sequence 4:	 Score = 1.1036 	Mean Basepair Probability = 0.5631	Complexity = 0.667 	 Basepair fraction: 0.55 	 Optimized Segment : CUUgGCgUGUGAGAGGUACC
	ITERATION 6
Sequence 1:	 Score = 1.1738 	Mean Basepair Probability = 0.4929	Complexity = 0.667 	 Basepair fraction: 0.55 	 Optimized Segment : CUUgGCgUGUGAGAGGUACC
Sequence 2:	 Score = 1.1738 	Mean Basepair Probability = 0.4929	Complexity = 0.667 	 Basepair fraction: 0.55 	 Optimized Segment : CUUgGCgUGUGAGAGGUACC
Sequence 3:	 Score = 1.2173 	Mean Basepair Probability = 0.4494	Complexity = 0.667 	 Basepair fraction: 0.40 	 Optimized Segment : CUUgGCgUGUGAGAGGUACC
Sequence 4:	 Score = 1.1738 	Mean Basepair Probability = 0.4929	Complexity = 0.667 	 Basepair fraction: 0.55 	 Optimized Segment : CUUgGCgUGUGAGAGGUACC
	ITERATION 7
Sequence 1:	 Score = 1.0398 	Mean Basepair Probability = 0.6269	Complexity = 0.667 	 Basepair fraction: 0.65 	 Optimized Segment : CUUgGCgUGUGAGAGGUACC
Sequence 2:	 Score = 1.1738 	Mean Basepair Probability = 0.4929	Complexity = 0.667 	 Basepair fraction: 0.55 	 Optimized Segment : CUUgGCgUGUGAGAGGUACC
Sequence 3:	 Score = 1.0004 	Mean Basepair Probability = 0.6663	Complexity = 0.667 	 Basepair fraction: 0.70 	 Optimized Segment : CUUgGCgUGUGAGAGGUACC
Sequence 4:	 Score = 1.2173 	Mean Basepair Probability = 0.4494	Complexity = 0.667 	 Basepair fraction: 0.40 	 Optimized Segment : CUUgGCgUGUGAGAGGUACC
	ITERATION 8
Sequence 1:	 Score = 1.2173 	Mean Basepair Probability = 0.4494	Complexity = 0.667 	 Basepair fraction: 0.40 	 Optimized Segment : CUUgGCgUGUGAGAGGUACC
Sequence 2:	 Score = 1.0396 	Mean Basepair Probability = 0.6270	Complexity = 0.667 	 Basepair fraction: 0.65 	 Optimized Segment : CUUgGCgUGUGAGAGGUACC
Sequence 3:	 Score = 1.2173 	Mean Basepair Probability = 0.4494	Complexity = 0.667 	 Basepair fraction: 0.40 	 Optimized Segment : CUUgGCgUGUGAGAGGUACC
Sequence 4:	 Score = 0.9609 	Mean Basepair Probability = 0.7058	Complexity = 0.667 	 Basepair fraction: 0.75 	 Optimized Segment : CUUgGCgUGUGAGAGGUACC
	ITERATION 9
Sequence 1:	 Score = 1.2173 	Mean Basepair Probability = 0.4494	Complexity = 0.667 	 Basepair fraction: 0.40 	 Optimized Segment : CUUgGCgUGUGAGAGGUACC
Sequence 2:	 Score = 1.0288 	Mean Basepair Probability = 0.6378	Complexity = 0.667 	 Basepair fraction: 0.65 	 Optimized Segment : CUUgGCgUGUGAGAGGUACC
Sequence 3:	 Score = 1.0242 	Mean Basepair Probability = 0.6425	Complexity = 0.667 	 Basepair fraction: 0.65 	 Optimized Segment : CUUgGCgUGUGAGAGGUACC
Sequence 4:	 Score = 1.1036 	Mean Basepair Probability = 0.5631	Complexity = 0.667 	 Basepair fraction: 0.55 	 Optimized Segment : CUUgGCgUGUGAGAGGUACC
	ITERATION 10
Sequence 1:	 Score = 1.0307 	Mean Basepair Probability = 0.6360	Complexity = 0.667 	 Basepair fraction: 0.65 	 Optimized Segment : CUUgGCgUGUGAGAGGUACC
Sequence 2:	 Score = 1.0307 	Mean Basepair Probability = 0.6360	Complexity = 0.667 	 Basepair fraction: 0.65 	 Optimized Segment : CUUgGCgUGUGAGAGGUACC
Sequence 3:	 Score = 1.0272 	Mean Basepair Probability = 0.6395	Complexity = 0.667 	 Basepair fraction: 0.65 	 Optimized Segment : CUUgGCgUGUGAGAGGUACC
Sequence 4:	 Score = 1.0288 	Mean Basepair Probability = 0.6378	Complexity = 0.667 	 Basepair fraction: 0.65 	 Optimized Segment : CUUgGCgUGUGAGAGGUACC
	ITERATION 11
Sequence 1:	 Score = 1.0272 	Mean Basepair Probability = 0.6395	Complexity = 0.667 	 Basepair fraction: 0.65 	 Optimized Segment : CUUgGCgUGUGAGAGGUACC
Sequence 2:	 Score = 1.0288 	Mean Basepair Probability = 0.6378	Complexity = 0.667 	 Basepair fraction: 0.65 	 Optimized Segment : CUUgGCgUGUGAGAGGUACC
Sequence 3:	 Score = 1.0307 	Mean Basepair Probability = 0.6360	Complexity = 0.667 	 Basepair fraction: 0.65 	 Optimized Segment : CUUgGCgUGUGAGAGGUACC
Sequence 4:	 Score = 1.0396 	Mean Basepair Probability = 0.6270	Complexity = 0.667 	 Basepair fraction: 0.65 	 Optimized Segment : CUUgGCgUGUGAGAGGUACC
	ITERATION 12
Sequence 1:	 Score = 1.2173 	Mean Basepair Probability = 0.4494	Complexity = 0.667 	 Basepair fraction: 0.40 	 Optimized Segment : CUUgGCgUGUGAGAGGUACC
Sequence 2:	 Score = 1.2173 	Mean Basepair Probability = 0.4494	Complexity = 0.667 	 Basepair fraction: 0.40 	 Optimized Segment : CUUgGCgUGUGAGAGGUACC
Sequence 3:	 Score = 1.2173 	Mean Basepair Probability = 0.4494	Complexity = 0.667 	 Basepair fraction: 0.40 	 Optimized Segment : CUUgGCgUGUGAGAGGUACC
Sequence 4:	 Score = 1.2173 	Mean Basepair Probability = 0.4494	Complexity = 0.667 	 Basepair fraction: 0.40 	 Optimized Segment : CUUgGCgUGUGAGAGGUACC
	ITERATION 13
Sequence 1:	 Score = 1.2173 	Mean Basepair Probability = 0.4494	Complexity = 0.667 	 Basepair fraction: 0.40 	 Optimized Segment : CUUgGCgUGUGAGAGGUACC
Sequence 2:	 Score = 1.2173 	Mean Basepair Probability = 0.4494	Complexity = 0.667 	 Basepair fraction: 0.40 	 Optimized Segment : CUUgGCgUGUGAGAGGUACC
Sequence 3:	 Score = 1.0674 	Mean Basepair Probability = 0.5993	Complexity = 0.667 	 Basepair fraction: 0.60 	 Optimized Segment : CUUgGCgUGUGAGAGGUACC
Sequence 4:	 Score = 1.0307 	Mean Basepair Probability = 0.6360	Complexity = 0.667 	 Basepair fraction: 0.65 	 Optimized Segment : CUUgGCgUGUGAGAGGUACC
	ITERATION 14
Sequence 1:	 Score = 1.2173 	Mean Basepair Probability = 0.4494	Complexity = 0.667 	 Basepair fraction: 0.40 	 Optimized Segment : CUUgGCgUGUGAGAGGUACC
Sequence 2:	 Score = 1.0280 	Mean Basepair Probability = 0.6387	Complexity = 0.667 	 Basepair fraction: 0.65 	 Optimized Segment : CUUgGCgUGUGAGAGGUACC
Sequence 3:	 Score = 0.9609 	Mean Basepair Probability = 0.7058	Complexity = 0.667 	 Basepair fraction: 0.75 	 Optimized Segment : CUUgGCgUGUGAGAGGUACC
Sequence 4:	 Score = 1.0280 	Mean Basepair Probability = 0.6387	Complexity = 0.667 	 Basepair fraction: 0.65 	 Optimized Segment : CUUgGCgUGUGAGAGGUACC
	ITERATION 15
Sequence 1:	 Score = 1.0674 	Mean Basepair Probability = 0.5993	Complexity = 0.667 	 Basepair fraction: 0.60 	 Optimized Segment : CUUgGCgUGUGAGAGGUACC
Sequence 2:	 Score = 1.0288 	Mean Basepair Probability = 0.6378	Complexity = 0.667 	 Basepair fraction: 0.65 	 Optimized Segment : CUUgGCgUGUGAGAGGUACC
Sequence 3:	 Score = 1.2173 	Mean Basepair Probability = 0.4494	Complexity = 0.667 	 Basepair fraction: 0.40 	 Optimized Segment : CUUgGCgUGUGAGAGGUACC
Sequence 4:	 Score = 1.2173 	Mean Basepair Probability = 0.4494	Complexity = 0.667 	 Basepair fraction: 0.40 	 Optimized Segment : CUUgGCgUGUGAGAGGUACC
	ITERATION 16
Sequence 1:	 Score = 1.0288 	Mean Basepair Probability = 0.6378	Complexity = 0.667 	 Basepair fraction: 0.65 	 Optimized Segment : CUUgGCgUGUGAGAGGUACC
Sequence 2:	 Score = 1.0307 	Mean Basepair Probability = 0.6360	Complexity = 0.667 	 Basepair fraction: 0.65 	 Optimized Segment : CUUgGCgUGUGAGAGGUACC
Sequence 3:	 Score = 1.1984 	Mean Basepair Probability = 0.4683	Complexity = 0.667 	 Basepair fraction: 0.40 	 Optimized Segment : CUUgGCgUGUGAGAGGUACC
Sequence 4:	 Score = 1.0288 	Mean Basepair Probability = 0.6378	Complexity = 0.667 	 Basepair fraction: 0.65 	 Optimized Segment : CUUgGCgUGUGAGAGGUACC
	ITERATION 17
Sequence 1:	 Score = 1.2173 	Mean Basepair Probability = 0.4494	Complexity = 0.667 	 Basepair fraction: 0.40 	 Optimized Segment : CUUgGCgUGUGAGAGGUACC
Sequence 2:	 Score = 0.9311 	Mean Basepair Probability = 0.7356	Complexity = 0.667 	 Basepair fraction: 0.75 	 Optimized Segment : CUUgGCgUGUGAGAGGUACC
Sequence 3:	 Score = 1.0288 	Mean Basepair Probability = 0.6378	Complexity = 0.667 	 Basepair fraction: 0.65 	 Optimized Segment : CUUgGCgUGUGAGAGGUACC
Sequence 4:	 Score = 1.0288 	Mean Basepair Probability = 0.6378	Complexity = 0.667 	 Basepair fraction: 0.65 	 Optimized Segment : CUUgGCgUGUGAGAGGUACC
	ITERATION 18
Sequence 1:	 Score = 1.2173 	Mean Basepair Probability = 0.4494	Complexity = 0.667 	 Basepair fraction: 0.40 	 Optimized Segment : CUUgGCgUGUGAGAGGUACC
Sequence 2:	 Score = 1.2173 	Mean Basepair Probability = 0.4494	Complexity = 0.667 	 Basepair fraction: 0.40 	 Optimized Segment : CUUgGCgUGUGAGAGGUACC
Sequence 3:	 Score = 1.2173 	Mean Basepair Probability = 0.4494	Complexity = 0.667 	 Basepair fraction: 0.40 	 Optimized Segment : CUUgGCgUGUGAGAGGUACC
Sequence 4:	 Score = 1.2173 	Mean Basepair Probability = 0.4494	Complexity = 0.667 	 Basepair fraction: 0.40 	 Optimized Segment : CUUgGCgUGUGAGAGGUACC
	ITERATION 19
Sequence 1:	 Score = 0.9311 	Mean Basepair Probability = 0.7356	Complexity = 0.667 	 Basepair fraction: 0.75 	 Optimized Segment : CUUgGCgUGUGAGAGGUACC
Sequence 2:	 Score = 0.9311 	Mean Basepair Probability = 0.7356	Complexity = 0.667 	 Basepair fraction: 0.75 	 Optimized Segment : CUUgGCgUGUGAGAGGUACC
Sequence 3:	 Score = 0.9609 	Mean Basepair Probability = 0.7058	Complexity = 0.667 	 Basepair fraction: 0.75 	 Optimized Segment : CUUgGCgUGUGAGAGGUACC
Sequence 4:	 Score = 0.9609 	Mean Basepair Probability = 0.7058	Complexity = 0.667 	 Basepair fraction: 0.75 	 Optimized Segment : CUUgGCgUGUGAGAGGUACC
	ITERATION 20
Sequence 1:	 Score = 0.9311 	Mean Basepair Probability = 0.7356	Complexity = 0.667 	 Basepair fraction: 0.75 	 Optimized Segment : CUUgGCgUGUGAGAGGUACC
Sequence 2:	 Score = 1.0674 	Mean Basepair Probability = 0.5993	Complexity = 0.667 	 Basepair fraction: 0.60 	 Optimized Segment : CUUgGCgUGUGAGAGGUACC
Sequence 3:	 Score = 1.0288 	Mean Basepair Probability = 0.6378	Complexity = 0.667 	 Basepair fraction: 0.65 	 Optimized Segment : CUUgGCgUGUGAGAGGUACC
Sequence 4:	 Score = 1.0272 	Mean Basepair Probability = 0.6395	Complexity = 0.667 	 Basepair fraction: 0.65 	 Optimized Segment : CUUgGCgUGUGAGAGGUACC

Output:   
Final Sequence 1:	 Score = 1.2173 	Mean Basepair Probabilty = 0.4494	Complexity = 0.667 	 Basepair fraction: 0.40 	 Optimized Segment : CUUgGCgUGUGAGAGGUACC
Final Sequence 2:	 Score = 1.2173 	Mean Basepair Probabilty = 0.4494	Complexity = 0.667 	 Basepair fraction: 0.40 	 Optimized Segment : CUUgGCgUGUGAGAGGUACC
Final Sequence 3:	 Score = 1.2173 	Mean Basepair Probabilty = 0.4494	Complexity = 0.667 	 Basepair fraction: 0.40 	 Optimized Segment : CUUgGCgUGUGAGAGGUACC
Final Sequence 4:	 Score = 1.2173 	Mean Basepair Probabilty = 0.4494	Complexity = 0.667 	 Basepair fraction: 0.40 	 Optimized Segment : CUUgGCgUGUGAGAGGUACC
